[z.commonsupport.com/html/carola/index-2.html]
[backblue.gif]
[fade.gif]
[index.html]
[z.commonsupport.com/html/carola/assets/css/bootstrap.css]
[z.commonsupport.com/html/carola/assets/css/fontawesome-all.css]
[z.commonsupport.com/html/carola/assets/css/iconfont.css]
[z.commonsupport.com/html/carola/assets/css/owl.css]
[z.commonsupport.com/html/carola/assets/css/global.css]
[z.commonsupport.com/html/carola/assets/css/jquery.fancybox.min.css]
[z.commonsupport.com/html/carola/assets/css/elements-css/header.css]
[z.commonsupport.com/html/carola/assets/css/elements-css/footer.css]
[z.commonsupport.com/html/carola/assets/css/elements-css/booking-form.css]
[z.commonsupport.com/html/carola/assets/language-switcher/polyglot-language-switcher.css]
[z.commonsupport.com/html/carola/assets/css/daterangepicker.css]
[z.commonsupport.com/html/carola/assets/css/jquery-ui.css]
[z.commonsupport.com/html/carola/assets/css/style.css]
[z.commonsupport.com/html/carola/assets/css/responsive.css]
[z.commonsupport.com/html/carola/assets/images/favicon.png]
[z.commonsupport.com/html/carola/index.html]
[z.commonsupport.com/html/carola/assets/images/logo.png]
[z.commonsupport.com/html/carola/assets/images/logo-light.png]
[z.commonsupport.com/html/carola/index-3.html]
[z.commonsupport.com/html/carola/index-4.html]
[z.commonsupport.com/html/carola/index-5.html]
[z.commonsupport.com/html/carola/car-listing.html]
[z.commonsupport.com/html/carola/car-listing-2.html]
[z.commonsupport.com/html/carola/car-listing-3.html]
[z.commonsupport.com/html/carola/car-listing-4.html]
[z.commonsupport.com/html/carola/car-details.html]
[z.commonsupport.com/html/carola/about-us.html]
[z.commonsupport.com/html/carola/team.html]
[z.commonsupport.com/html/carola/faq.html]
[z.commonsupport.com/html/carola/testimonials.html]
[z.commonsupport.com/html/carola/testimonials-2.html]
[z.commonsupport.com/html/carola/testimonials-3.html]
[z.commonsupport.com/html/carola/services-area.html]
[z.commonsupport.com/html/carola/area-details.html]
[z.commonsupport.com/html/carola/gallery.html]
[z.commonsupport.com/html/carola/pricing.html]
[z.commonsupport.com/html/carola/checkout.html]
[z.commonsupport.com/html/carola/error.html]
[z.commonsupport.com/html/carola/blog-grid.html]
[z.commonsupport.com/html/carola/blog-standard.html]
[z.commonsupport.com/html/carola/blog-details.html]
[z.commonsupport.com/html/carola/contact.html]
[z.commonsupport.com/html/carola/assets/images/mobile-logo.png]
[z.commonsupport.com/html/carola/assets/images/sliders/slider-2.jpg]
[z.commonsupport.com/html/carola/assets/images/banner/banner-bg-1.png]
[z.commonsupport.com/html/carola/assets/images/banner/banner-bg-2.png]
[z.commonsupport.com/html/carola/assets/images/banner/banner-bg-3.png]
[z.commonsupport.com/html/carola/assets/images/car-type/truck.png]
[z.commonsupport.com/html/carola/assets/images/car-type/luxury-sedan.png]
[z.commonsupport.com/html/carola/assets/images/car-type/sedan.png]
[z.commonsupport.com/html/carola/assets/images/car-type/sports-car.png]
[z.commonsupport.com/html/carola/assets/images/car-type/hatchback.png]
[z.commonsupport.com/html/carola/assets/images/car-type/suv.png]
[z.commonsupport.com/html/carola/assets/images/car-type/our-car-1.jpg]
[z.commonsupport.com/html/carola/assets/images/car-type/our-car-3.jpg]
[z.commonsupport.com/html/carola/assets/images/car-type/our-car-4.jpg]
[z.commonsupport.com/html/carola/assets/images/car-type/our-car-5.jpg]
[z.commonsupport.com/html/carola/assets/images/car-type/our-car-6.jpg]
[z.commonsupport.com/html/carola/assets/images/background/dark-vedio-bg.jpg]
[z.commonsupport.com/html/carola/assets/images/brands/brand-1.png]
[z.commonsupport.com/html/carola/assets/images/brands/brand-2.png]
[z.commonsupport.com/html/carola/assets/images/brands/brand-3.png]
[z.commonsupport.com/html/carola/assets/images/brands/brand-4.png]
[z.commonsupport.com/html/carola/assets/images/brands/brand-5.png]
[z.commonsupport.com/html/carola/assets/images/brands/brand-6.png]
[z.commonsupport.com/html/carola/assets/images/icons/cuntry-plug.png]
[z.commonsupport.com/html/carola/assets/images/resource/google-map.png]
[z.commonsupport.com/html/carola/assets/images/resource/thumb-image-1.png]
[z.commonsupport.com/html/carola/assets/images/resource/thumb-image-2.png]
[z.commonsupport.com/html/carola/assets/images/background/subscribe-inner-bg.png]
[z.commonsupport.com/html/carola/assets/images/footer-logo.png]
[z.commonsupport.com/html/carola/assets/js/jquery-3.7.1.min.js]
[z.commonsupport.com/html/carola/assets/js/moment.min.js]
[z.commonsupport.com/html/carola/assets/js/daterangepicker.min.js]
[z.commonsupport.com/html/carola/assets/js/bootstrap.min.js]
[z.commonsupport.com/html/carola/assets/js/popper.min.js]
[z.commonsupport.com/html/carola/assets/js/select2.min.js]
[z.commonsupport.com/html/carola/assets/js/jquery-ui.js]
[z.commonsupport.com/html/carola/assets/js/jquery.nice-select.min.js]
[z.commonsupport.com/html/carola/assets/js/jquery.fancybox.js]
[z.commonsupport.com/html/carola/assets/js/appear.js]
[z.commonsupport.com/html/carola/assets/js/wow.js]
[z.commonsupport.com/html/carola/assets/js/owl.js]
[z.commonsupport.com/html/carola/assets/js/validation.js]
[z.commonsupport.com/html/carola/assets/language-switcher/jquery.polyglot.language.switcher.js]
[z.commonsupport.com/html/carola/assets/js/main.js]
[z.commonsupport.com/html/carola/assets/js/booking-form.js]
[z.commonsupport.com/html/carola/index-2.html]
[z.commonsupport.com/html/carola/assets/css/bootstrap.css]
[z.commonsupport.com/html/carola/assets/fonts/fa-brands-400.woff2]
[z.commonsupport.com/html/carola/assets/fonts/fa-regular-400.woff2]
[z.commonsupport.com/html/carola/assets/fonts/fa-brands-400.ttf]
[z.commonsupport.com/html/carola/assets/fonts/fa-regular-400.ttf]
[z.commonsupport.com/html/carola/assets/fonts/fa-solid-900.woff2]
[z.commonsupport.com/html/carola/assets/fonts/fa-v4compatibility.woff2]
[z.commonsupport.com/html/carola/assets/fonts/fa-solid-900.ttf]
[z.commonsupport.com/html/carola/assets/css/fontawesome-all.css]
[z.commonsupport.com/html/carola/assets/fonts/fa-v4compatibility.ttf]
[z.commonsupport.com/html/carola/assets/fonts/icomoonb675.eot]
[z.commonsupport.com/html/carola/assets/fonts/icomoonb675.ttf]
[z.commonsupport.com/html/carola/assets/fonts/icomoonb675.woff]
[z.commonsupport.com/html/carola/assets/css/iconfont.css]
[z.commonsupport.com/html/carola/assets/fonts/icomoonb675.svg]
[z.commonsupport.com/html/carola/assets/css/owl.css]
[z.commonsupport.com/html/carola/assets/css/global.css]
[z.commonsupport.com/html/carola/assets/css/jquery.fancybox.min.css]
[z.commonsupport.com/html/carola/assets/css/elements-css/header.css]
[z.commonsupport.com/html/carola/assets/css/elements-css/footer.css]
[z.commonsupport.com/html/carola/assets/css/elements-css/booking-form.css]
[z.commonsupport.com/html/carola/assets/language-switcher/gb.png]
[z.commonsupport.com/html/carola/assets/language-switcher/fr.png]
[z.commonsupport.com/html/carola/assets/language-switcher/de.png]
[z.commonsupport.com/html/carola/assets/language-switcher/it.png]
[z.commonsupport.com/html/carola/assets/language-switcher/es.png]
[z.commonsupport.com/html/carola/assets/language-switcher/polyglot-language-switcher.css]
[z.commonsupport.com/html/carola/assets/css/daterangepicker.css]
[z.commonsupport.com/html/carola/assets/css/jquery-ui.css]
[z.commonsupport.com/html/carola/assets/images/shape/shape-1.png]
[z.commonsupport.com/html/carola/assets/css/style.css]
[z.commonsupport.com/html/carola/assets/css/responsive.css]
[z.commonsupport.com/html/carola/assets/images/sliders/slider-1.jpg]
[z.commonsupport.com/html/carola/assets/images/sliders/car.png]
[z.commonsupport.com/html/carola/assets/images/brands/audi.png]
[z.commonsupport.com/html/carola/assets/images/brands/bmw.png]
[z.commonsupport.com/html/carola/assets/images/brands/mercedes-benz.png]
[z.commonsupport.com/html/carola/assets/images/brands/tesla-motors.png]
[z.commonsupport.com/html/carola/assets/images/brands/volkswagen.png]
[z.commonsupport.com/html/carola/assets/images/brands/porsche.png]
[z.commonsupport.com/html/carola/assets/images/popular-car/popular-car-1.jpg]
[z.commonsupport.com/html/carola/assets/images/popular-car/popular-car-2.jpg]
[z.commonsupport.com/html/carola/assets/images/popular-car/popular-car-3.jpg]
[z.commonsupport.com/html/carola/assets/images/popular-car/popular-car-4.jpg]
[z.commonsupport.com/html/carola/assets/images/popular-car/popular-car-5.jpg]
[z.commonsupport.com/html/carola/assets/images/popular-car/popular-car-6.jpg]
[z.commonsupport.com/html/carola/assets/images/gallery/image-1.jpg]
[z.commonsupport.com/html/carola/assets/images/gallery/image-5.jpg]
[z.commonsupport.com/html/carola/assets/images/icons/arrowsout.png]
[z.commonsupport.com/html/carola/assets/images/gallery/image-2.jpg]
[z.commonsupport.com/html/carola/assets/images/gallery/image-3.jpg]
[z.commonsupport.com/html/carola/assets/images/gallery/image-4.jpg]
[z.commonsupport.com/html/carola/assets/images/featured-car/featured-car-1.jpg]
[z.commonsupport.com/html/carola/assets/images/featured-car/featured-car-2.jpg]
[z.commonsupport.com/html/carola/assets/images/featured-car/featured-car-3.jpg]
[z.commonsupport.com/html/carola/assets/images/background/vedio-bg.jpg]
[z.commonsupport.com/html/carola/assets/images/blog/blog-image-01.jpg]
[z.commonsupport.com/html/carola/assets/images/blog/blog-image-02.jpg]
[z.commonsupport.com/html/carola/assets/images/blog/blog-image-03.jpg]
[z.commonsupport.com/html/carola/assets/images/background/footer-bg.jpg]
[z.commonsupport.com/html/carola/index.html]
[z.commonsupport.com/html/carola/assets/images/sliders/slider-3.jpg]
[z.commonsupport.com/html/carola/assets/images/car-type/car-1.png]
[z.commonsupport.com/html/carola/assets/images/shape/shape-2.png]
[z.commonsupport.com/html/carola/assets/images/car-type/car-2.png]
[z.commonsupport.com/html/carola/assets/images/car-type/car-3.png]
[z.commonsupport.com/html/carola/assets/images/car-type/car-4.png]
[z.commonsupport.com/html/carola/assets/images/car-type/car-5.png]
[z.commonsupport.com/html/carola/assets/images/car-type/car-6.png]
[z.commonsupport.com/html/carola/assets/images/shape/shape-3.png]
[z.commonsupport.com/html/carola/assets/images/shape/shape-4.png]
[z.commonsupport.com/html/carola/assets/images/background/most-popular-car.jpg]
[z.commonsupport.com/html/carola/assets/images/featured-car/featured-car-4.jpg]
[z.commonsupport.com/html/carola/assets/images/featured-car/featured-car-5.jpg]
[z.commonsupport.com/html/carola/assets/images/featured-car/featured-car-6.jpg]
[z.commonsupport.com/html/carola/assets/images/featured-car/featured-car-7.jpg]
[z.commonsupport.com/html/carola/assets/images/featured-car/featured-car-8.jpg]
[z.commonsupport.com/html/carola/assets/images/featured-car/featured-car-9.jpg]
[z.commonsupport.com/html/carola/assets/images/service/service-image-1.jpg]
[z.commonsupport.com/html/carola/assets/images/service/service-image-2.jpg]
[z.commonsupport.com/html/carola/assets/images/service/service-image-3.jpg]
[z.commonsupport.com/html/carola/assets/images/service/service-image-4.jpg]
[z.commonsupport.com/html/carola/assets/images/service/service-image-5.jpg]
[z.commonsupport.com/html/carola/assets/images/service/service-image-6.jpg]
[z.commonsupport.com/html/carola/assets/images/service/service-image-7.jpg]
[z.commonsupport.com/html/carola/assets/images/service/service-image-8.jpg]
[z.commonsupport.com/html/carola/assets/images/background/subscribe-inner-bg-2.png]
[z.commonsupport.com/html/carola/index-3.html]
[z.commonsupport.com/html/carola/assets/images/shape/shape-5.png]
[z.commonsupport.com/html/carola/assets/images/shape/shape-6.png]
[z.commonsupport.com/html/carola/assets/images/sliders/slider-4.png]
[z.commonsupport.com/html/carola/assets/images/shape/shape-7.png]
[z.commonsupport.com/html/carola/assets/images/resource/about-image.png]
[z.commonsupport.com/html/carola/assets/images/shape/shape-8.png]
[z.commonsupport.com/html/carola/assets/images/resource/goole-map-2.png]
[z.commonsupport.com/html/carola/assets/images/icons/apple-app.png]
[z.commonsupport.com/html/carola/assets/images/icons/google-play.png]
[z.commonsupport.com/html/carola/assets/images/resource/mobile-app.png]
[z.commonsupport.com/html/carola/index-4.html]
[z.commonsupport.com/html/carola/assets/images/sliders/slider-5.png]
[z.commonsupport.com/html/carola/assets/images/brands/range-rover.png]
[z.commonsupport.com/html/carola/assets/images/brands/ferrari.png]
[z.commonsupport.com/html/carola/assets/images/brands/lamborghini.png]
[z.commonsupport.com/html/carola/assets/images/brands/toyota.png]
[z.commonsupport.com/html/carola/assets/images/brands/skoda.png]
[z.commonsupport.com/html/carola/assets/images/brands/honda.png]
[z.commonsupport.com/html/carola/assets/images/shape/shape-9.png]
[z.commonsupport.com/html/carola/assets/images/resource/google-map-2.png]
[z.commonsupport.com/html/carola/assets/images/resource/thumb-image-3.png]
[z.commonsupport.com/html/carola/assets/images/resource/thumb-image-4.png]
[z.commonsupport.com/html/carola/assets/images/resource/thumb-image-5.png]
[z.commonsupport.com/html/carola/index-5.html]
[z.commonsupport.com/html/carola/assets/images/background/inner-banner-bg-3.png]
[z.commonsupport.com/html/carola/car-listing.html]
[z.commonsupport.com/html/carola/car-listing-2.html]
[z.commonsupport.com/html/carola/assets/js/isotope.js]
[z.commonsupport.com/html/carola/assets/images/featured-car/featured-car-10.jpg]
[z.commonsupport.com/html/carola/assets/images/featured-car/featured-car-11.jpg]
[z.commonsupport.com/html/carola/assets/images/featured-car/featured-car-12.jpg]
[z.commonsupport.com/html/carola/assets/images/featured-car/featured-car-13.jpg]
[z.commonsupport.com/html/carola/assets/images/featured-car/featured-car-14.jpg]
[z.commonsupport.com/html/carola/assets/images/featured-car/featured-car-15.jpg]
[z.commonsupport.com/html/carola/assets/images/featured-car/featured-car-16.jpg]
[z.commonsupport.com/html/carola/assets/images/featured-car/featured-car-17.jpg]
[z.commonsupport.com/html/carola/assets/images/featured-car/featured-car-18.jpg]
[z.commonsupport.com/html/carola/car-listing-3.html]
[z.commonsupport.com/html/carola/car-listing-4.html]
[z.commonsupport.com/html/carola/assets/images/featured-car/featured-car-19.jpg]
[z.commonsupport.com/html/carola/assets/images/featured-car/featured-car-20.jpg]
[z.commonsupport.com/html/carola/assets/images/featured-car/featured-car-21.jpg]
[z.commonsupport.com/html/carola/assets/images/resource/comment-1.png]
[z.commonsupport.com/html/carola/assets/images/resource/comment-2.png]
[z.commonsupport.com/html/carola/assets/images/resource/comment-3.png]
[z.commonsupport.com/html/carola/car-details.html]
[z.commonsupport.com/html/carola/assets/images/background/inner-banner-bg.png]
[z.commonsupport.com/html/carola/assets/images/team/team-image-1.png]
[z.commonsupport.com/html/carola/assets/images/team/team-image-2.png]
[z.commonsupport.com/html/carola/assets/images/team/team-image-3.png]
[z.commonsupport.com/html/carola/assets/images/team/team-image-4.png]
[z.commonsupport.com/html/carola/about-us.html]
[z.commonsupport.com/html/carola/assets/images/team/team-image-5.png]
[z.commonsupport.com/html/carola/assets/images/team/team-image-6.png]
[z.commonsupport.com/html/carola/assets/images/team/team-image-7.png]
[z.commonsupport.com/html/carola/assets/images/team/team-image-8.png]
[z.commonsupport.com/html/carola/team.html]
[z.commonsupport.com/html/carola/faq.html]
[z.commonsupport.com/html/carola/assets/images/resource/thumb-image-6.png]
[z.commonsupport.com/html/carola/assets/images/resource/thumb-image-7.png]
[z.commonsupport.com/html/carola/assets/images/resource/thumb-image-8.png]
[z.commonsupport.com/html/carola/assets/images/resource/thumb-image-9.png]
[z.commonsupport.com/html/carola/assets/images/resource/thumb-image-10.png]
[z.commonsupport.com/html/carola/assets/images/resource/thumb-image-11.png]
[z.commonsupport.com/html/carola/testimonials.html]
[z.commonsupport.com/html/carola/assets/images/resource/thumb-image-12.png]
[z.commonsupport.com/html/carola/assets/images/resource/thumb-image-13.png]
[z.commonsupport.com/html/carola/assets/images/resource/thumb-image-14.png]
[z.commonsupport.com/html/carola/assets/images/resource/thumb-image-15.png]
[z.commonsupport.com/html/carola/assets/images/resource/thumb-image-16.png]
[z.commonsupport.com/html/carola/assets/images/resource/thumb-image-17.png]
[z.commonsupport.com/html/carola/testimonials-2.html]
[z.commonsupport.com/html/carola/testimonials-3.html]
[z.commonsupport.com/html/carola/assets/images/background/inner-banner-bg-2.png]
[z.commonsupport.com/html/carola/services-area.html]
[z.commonsupport.com/html/carola/assets/images/service/service-image-9.jpg]
[z.commonsupport.com/html/carola/assets/images/service/service-image-10.jpg]
[z.commonsupport.com/html/carola/assets/images/service/service-image-11.jpg]
[z.commonsupport.com/html/carola/area-details.html]
[z.commonsupport.com/html/carola/assets/images/gallery/image-6.jpg]
[z.commonsupport.com/html/carola/assets/images/gallery/image-7.jpg]
[z.commonsupport.com/html/carola/assets/images/gallery/image-8.jpg]
[z.commonsupport.com/html/carola/assets/images/gallery/image-9.jpg]
[z.commonsupport.com/html/carola/assets/images/gallery/image-10.jpg]
[z.commonsupport.com/html/carola/assets/images/gallery/image-11.jpg]
[z.commonsupport.com/html/carola/assets/images/gallery/image-12.jpg]
[z.commonsupport.com/html/carola/assets/images/gallery/image-13.jpg]
[z.commonsupport.com/html/carola/assets/images/gallery/image-14.jpg]
[z.commonsupport.com/html/carola/gallery.html]
[z.commonsupport.com/html/carola/pricing.html]
[z.commonsupport.com/html/carola/assets/images/resource/product-image-1.jpg]
[z.commonsupport.com/html/carola/checkout.html]
[z.commonsupport.com/html/carola/assets/images/resource/error-image.png]
[z.commonsupport.com/html/carola/error.html]
[z.commonsupport.com/html/carola/assets/images/background/inner-banner-bg-4.png]
[z.commonsupport.com/html/carola/assets/images/blog/blog-image-04.jpg]
[z.commonsupport.com/html/carola/assets/images/blog/blog-image-05.jpg]
[z.commonsupport.com/html/carola/assets/images/blog/blog-image-06.jpg]
[z.commonsupport.com/html/carola/assets/images/blog/blog-image-07.jpg]
[z.commonsupport.com/html/carola/assets/images/blog/blog-image-08.jpg]
[z.commonsupport.com/html/carola/assets/images/blog/blog-image-09.jpg]
[z.commonsupport.com/html/carola/assets/images/blog/blog-image-10.jpg]
[z.commonsupport.com/html/carola/assets/images/blog/blog-image-11.jpg]
[z.commonsupport.com/html/carola/assets/images/blog/blog-image-12.jpg]
[z.commonsupport.com/html/carola/assets/images/blog/blog-image-13.jpg]
[z.commonsupport.com/html/carola/assets/images/blog/blog-image-14.jpg]
[z.commonsupport.com/html/carola/assets/images/blog/post-1.jpg]
[z.commonsupport.com/html/carola/assets/images/blog/post-2.jpg]
[z.commonsupport.com/html/carola/assets/images/blog/post-3.jpg]
[z.commonsupport.com/html/carola/assets/images/gallery/image-15.jpg]
[z.commonsupport.com/html/carola/assets/images/gallery/image-16.jpg]
[z.commonsupport.com/html/carola/assets/images/gallery/image-17.jpg]
[z.commonsupport.com/html/carola/assets/images/gallery/image-18.jpg]
[z.commonsupport.com/html/carola/assets/images/gallery/image-19.jpg]
[z.commonsupport.com/html/carola/assets/images/gallery/image-20.jpg]
[z.commonsupport.com/html/carola/blog-grid.html]
[z.commonsupport.com/html/carola/assets/images/blog/blog-image-15.jpg]
[z.commonsupport.com/html/carola/assets/images/blog/blog-image-16.jpg]
[z.commonsupport.com/html/carola/assets/images/blog/blog-image-17.jpg]
[z.commonsupport.com/html/carola/assets/images/blog/blog-image-18.jpg]
[z.commonsupport.com/html/carola/assets/images/blog/blog-image-19.jpg]
[z.commonsupport.com/html/carola/blog-standard.html]
[z.commonsupport.com/html/carola/assets/images/blog/blog-image-20.jpg]
[z.commonsupport.com/html/carola/assets/images/blog/blog-image-21.jpg]
[z.commonsupport.com/html/carola/assets/images/blog/avatar-image.jpg]
[z.commonsupport.com/html/carola/blog-details.html]
[z.commonsupport.com/html/carola/contact.html]
[z.commonsupport.com/html/carola/`.html]
[z.commonsupport.com/html/carola/assets/fonts/icomoonb675.svg]
[z.commonsupport.com/html/carola/assets/css/owl.video.play.html]
[z.commonsupport.com/html/carola/about.html]
[z.commonsupport.com/html/carola/blog.html]
[z.commonsupport.com/html/carola/assets/images/service/service-image-11.jpg]
